// Vitest Snapshot v1

exports[`App > App component renders correctly 1`] = `
<div>
  Home Page
</div>
`;
